
18:34:06.246 [info] Compiling file system watcher for Mac...

18:34:12.390 [info] Done.
==> file_system
Compiling 7 files (.ex)
Generated file_system app
==> mime
Compiling 1 file (.ex)
Generated mime app
==> nimble_options
Compiling 3 files (.ex)
Generated nimble_options app
==> bunt
Compiling 2 files (.ex)
Generated bunt app
==> plug_crypto
Compiling 5 files (.ex)
Generated plug_crypto app
==> kday
Compiling 1 file (.ex)
Generated kday app
==> hpax
Compiling 4 files (.ex)
Generated hpax app
==> mint
Compiling 1 file (.erl)
Compiling 20 files (.ex)
Generated mint app
==> symphony_elixir
===> Analyzing applications...
===> Compiling yamerl
==> erlex
Compiling 1 file (.xrl)
Compiling 1 file (.yrl)
src/erlex_parser.yrl: Warning: conflicts: 27 shift/reduce, 0 reduce/reduce
Compiling 2 files (.erl)
Compiling 1 file (.ex)
Generated erlex app
==> date_time_parser
Compiling 15 files (.ex)
Compiling lib/combinators.ex (it's taking more than 10s)
Generated date_time_parser app
==> decimal
Compiling 4 files (.ex)
Generated decimal app
==> jason
Compiling 10 files (.ex)
Generated jason app
==> solid
Compiling 49 files (.ex)
Generated solid app
==> yaml_elixir
Compiling 6 files (.ex)
Generated yaml_elixir app
==> symphony_elixir
===> Analyzing applications...
===> Compiling telemetry
==> ecto
Compiling 56 files (.ex)
Generated ecto app
==> thousand_island
Compiling 18 files (.ex)
Generated thousand_island app
==> phoenix_html
Compiling 6 files (.ex)
Generated phoenix_html app
==> phoenix_template
Compiling 4 files (.ex)
Generated phoenix_template app
==> phoenix_pubsub
Compiling 12 files (.ex)
Generated phoenix_pubsub app
==> dialyxir
Compiling 67 files (.ex)
Generated dialyxir app
==> credo
Compiling 254 files (.ex)
Generated credo app
==> plug
Compiling 1 file (.erl)
Compiling 42 files (.ex)
Generated plug app
==> nimble_pool
Compiling 2 files (.ex)
Generated nimble_pool app
==> finch
Compiling 14 files (.ex)
Generated finch app
==> req
Compiling 19 files (.ex)
Generated req app
==> websock
Compiling 1 file (.ex)
Generated websock app
==> bandit
Compiling 54 files (.ex)
Generated bandit app
==> websock_adapter
Compiling 4 files (.ex)
Generated websock_adapter app
==> phoenix
Compiling 74 files (.ex)
Generated phoenix app
==> phoenix_live_view
Compiling 49 files (.ex)
Generated phoenix_live_view app
==> symphony_elixir
Compiling 41 files (.ex)
Generated symphony_elixir app
Generated escript bin/symphony with MIX_ENV=dev
