* creating /Users/john.ruiz/.local/share/mise/installs/elixir/1.19.5-otp-28/.mix/archives/hex-2.4.0-otp-28
Resolving Hex dependencies...
Resolution completed in 0.611s
Unchanged:
  bandit 1.10.3
  bunt 1.0.0
  cc_precompiler 0.1.11
  credo 1.7.16
  date_time_parser 1.3.0
  decimal 2.3.0
  dialyxir 1.4.7
  ecto 3.13.5
  elixir_make 0.9.0
  erlex 0.2.8
  file_system 1.1.1
  finch 0.21.0
  fine 0.1.4
  floki 0.38.0
  hpax 1.0.3
  jason 1.4.4
  kday 1.1.0
  lazy_html 0.1.10
  mime 2.0.7
  mint 1.7.1
  nimble_options 1.1.1
  nimble_pool 1.1.0
  phoenix 1.8.4
  phoenix_html 4.3.0
  phoenix_live_view 1.1.25
  phoenix_pubsub 2.2.0
  phoenix_template 1.0.4
  plug 1.19.1
  plug_crypto 2.1.1
  req 0.5.17
  solid 1.2.2
  telemetry 1.3.0
  thousand_island 1.4.3
  websock 0.5.3
  websock_adapter 0.5.9
  yamerl 0.10.0
  yaml_elixir 2.12.0
* Getting bandit (Hex package)
* Getting floki (Hex package)
* Getting lazy_html (Hex package)
* Getting phoenix (Hex package)
* Getting phoenix_html (Hex package)
* Getting phoenix_live_view (Hex package)
* Getting req (Hex package)
* Getting jason (Hex package)
* Getting yaml_elixir (Hex package)
* Getting solid (Hex package)
* Getting ecto (Hex package)
* Getting credo (Hex package)
* Getting dialyxir (Hex package)
* Getting erlex (Hex package)
* Getting bunt (Hex package)
* Getting file_system (Hex package)
* Getting decimal (Hex package)
* Getting telemetry (Hex package)
* creating /Users/john.ruiz/.local/share/mise/installs/elixir/1.19.5-otp-28/.mix/elixir/1-19-otp-28/rebar3
* Getting date_time_parser (Hex package)
* Getting kday (Hex package)
* Getting yamerl (Hex package)
* Getting finch (Hex package)
* Getting mime (Hex package)
* Getting mint (Hex package)
* Getting nimble_options (Hex package)
* Getting nimble_pool (Hex package)
* Getting hpax (Hex package)
* Getting phoenix_template (Hex package)
* Getting plug (Hex package)
* Getting plug_crypto (Hex package)
* Getting phoenix_pubsub (Hex package)
* Getting websock_adapter (Hex package)
* Getting websock (Hex package)
* Getting cc_precompiler (Hex package)
* Getting elixir_make (Hex package)
* Getting fine (Hex package)
* Getting thousand_island (Hex package)
You have added/upgraded packages you could sponsor, run `mix hex.sponsor` to learn more
